
firmware.elf:     file format elf32-littleriscv

Sections:
Idx Name          Size      VMA       LMA       File off  Algn
  0 everything    00000052  00000000  00000000  00000054  2**2
                  CONTENTS, ALLOC, LOAD, CODE

Disassembly of section everything:

00000000 <mult_hw-0x8>:
   0:	07a00513          	li	a0,122
   4:	09000593          	li	a1,144

00000008 <mult_hw>:
   8:	004201b7          	lui	gp,0x420
   c:	00a1a223          	sw	a0,4(gp) # 420004 <MULT_BASE+0x4>
  10:	00b1a423          	sw	a1,8(gp)
  14:	00100513          	li	a0,1
  18:	00a1a623          	sw	a0,12(gp)
  1c:	0001a623          	sw	zero,12(gp)
  20:	00100293          	li	t0,1
  24:	0141a303          	lw	t1,20(gp)
  28:	00537333          	and	t1,t1,t0
  2c:	fe030ae3          	beqz	t1,20 <MULT_DONE+0xc>
  30:	0101a503          	lw	a0,16(gp)
  34:	00008067          	ret
  38:	1941                	addi	s2,s2,-16
  3a:	0000                	unimp
  3c:	7200                	flw	fs0,32(a2)
  3e:	7369                	lui	t1,0xffffa
  40:	01007663          	bgeu	zero,a6,4c <MULT_DONE+0x38>
  44:	0000000f          	fence	unknown,unknown
  48:	7205                	lui	tp,0xfffe1
  4a:	3376                	fld	ft6,376(sp)
  4c:	6932                	flw	fs2,12(sp)
  4e:	7032                	flw	ft0,44(sp)
  50:	0030                	addi	a2,sp,8
