
firmware.elf:     file format elf32-littleriscv

Sections:
Idx Name          Size      VMA       LMA       File off  Algn
  0 everything    0000004e  00000000  00000000  00000054  2**2
                  CONTENTS, ALLOC, LOAD, CODE

Disassembly of section everything:

00000000 <sqrt_hw-0x8>:
   0:	00008537          	lui	a0,0x8
   4:	23550513          	addi	a0,a0,565 # 8235 <SQRT_DONE+0x8221>

00000008 <sqrt_hw>:
   8:	004401b7          	lui	gp,0x440
   c:	00a1a223          	sw	a0,4(gp) # 440004 <SQRT_BASE+0x4>
  10:	00100513          	li	a0,1
  14:	00a1a623          	sw	a0,12(gp)
  18:	0001a623          	sw	zero,12(gp)
  1c:	00100293          	li	t0,1
  20:	0141a303          	lw	t1,20(gp)
  24:	00537333          	and	t1,t1,t0
  28:	fe030ae3          	beqz	t1,1c <SQRT_DONE+0x8>
  2c:	0101a503          	lw	a0,16(gp)
  30:	00008067          	ret
  34:	1941                	addi	s2,s2,-16
  36:	0000                	unimp
  38:	7200                	flw	fs0,32(a2)
  3a:	7369                	lui	t1,0xffffa
  3c:	01007663          	bgeu	zero,a6,48 <SQRT_DONE+0x34>
  40:	0000000f          	fence	unknown,unknown
  44:	7205                	lui	tp,0xfffe1
  46:	3376                	fld	ft6,376(sp)
  48:	6932                	flw	fs2,12(sp)
  4a:	7032                	flw	ft0,44(sp)
  4c:	0030                	addi	a2,sp,8
